<Level>
    <EditorSession>
        <Performance CamClipPlanes="0.05 1000" LightsActive="true" PSActive="true" ShowFog="true" ShowSkybox="true" WorldReflection="true" />
        <ViewportConfig BGColor="0.2 0.2 0.2 1" GAmbientLight="true" GPointLight="true" GridSnap="true" GridSnapSeparation="0.25" SelectedViewport="3" UsingEnlargedViewport="true">
            <Viewport CameraPosition="0 0 180" CameraTarget="0 0 0" CameraZoom="0" GridHeight="0" GridPlane="2" Preset="0" RenderMode="1" ShowAxes="true" ShowGrid="true" UsingLTCam="true" />
            <Viewport CameraPosition="180 0 0" CameraTarget="0 0 0" CameraZoom="0" GridHeight="0" GridPlane="0" Preset="1" RenderMode="1" ShowAxes="true" ShowGrid="true" UsingLTCam="true" />
            <Viewport CameraPosition="0 180 0" CameraTarget="0 0 0" CameraZoom="0" GridHeight="0" GridPlane="1" Preset="2" RenderMode="1" ShowAxes="true" ShowGrid="true" UsingLTCam="true" />
            <Viewport CameraPosition="-1.22252 3.2095 0.961913" CameraTarget="2.44139 -0.0524037 -0.813208" CameraZoom="2.26013" GridHeight="0" GridPlane="1" Preset="3" RenderMode="0" ShowAxes="true" ShowGrid="true" UsingLTCam="true" />
        </ViewportConfig>
        <Groups>
            <Group ID="0" Name="None" Visible="true" />
        </Groups>
    </EditorSession>
    <MapData FogActive="false" FogColor="1 1 1 1" FogCulling="true" FogEnd="20" FogFalloffExp="1" FogStart="0" GlobalDecalMaxTris="300" Name="" SkyBoxActive="false" SkyBoxColor="1 1 1 1" SkyBoxTexture="../../../">
        <MapContents>
            <FileIndex_StaticObjects NumOfFiles="4">
                <File Id="0" Path="custom_stories/amnesia-the-elevator/static_objects/TH_elevator.dae" />
                <File Id="1" Path="static_objects/technical/plane_black/plane_black.dae" />
                <File Id="2" Path="static_objects/cellarbase/ceiling/welder_corridor_extension.dae" />
                <File Id="3" Path="static_objects/cellarbase/wall/door_way.dae" />
            </FileIndex_StaticObjects>
            <FileIndex_Entities NumOfFiles="2">
                <File Id="0" Path="custom_stories/amnesia-the-elevator/entities/elevator_door/TH_elevator_door.ent" />
                <File Id="1" Path="entities/technical/block_box/block_box.ent" />
            </FileIndex_Entities>
            <FileIndex_Decals NumOfFiles="0" />
            <StaticObjects>
                <StaticObject CastShadows="true" Collides="true" FileIndex="0" Group="0" ID="1" Name="ceiling_arched_1" Rotation="0 0 0" Scale="1.25 1.25 1.25" Tag="" WorldPos="0 0 0" />
                <StaticObject CastShadows="true" Collides="true" FileIndex="1" Group="0" ID="10" Name="plane_black_plane_black_1" Rotation="0 0 0" Scale="1 1 1" Tag="" WorldPos="3.25 0 0" />
                <StaticObject CastShadows="true" Collides="true" FileIndex="3" Group="0" ID="25" Name="wall_door_way_1" Rotation="3.14159 1.5708 3.14159" Scale="1 1 1" Tag="" WorldPos="1.75 0 0" />
                <StaticObject CastShadows="true" Collides="true" FileIndex="2" Group="0" ID="27" Name="ceiling_welder_corridor_extension_1" Rotation="3.14159 1.5708 3.14159" Scale="1 1 1" Tag="" WorldPos="1.75 3.25 0" />
            </StaticObjects>
            <Primitives />
            <Decals />
            <Entities>
                <Area Active="true" AreaType="PlayerStart" Group="0" ID="0" Mesh="" Name="PlayerStartArea_1" Rotation="0 1.5708 0" Scale="1 1 1" Tag="" WorldPos="-0.5 0 0">
                    <UserVariables />
                </Area>
                <Entity Active="true" FileIndex="0" Group="0" ID="3" Name="ElevatorDoor" Rotation="0 2.26498e-006 0" Scale="1.20794 1.20794 1.20794" Tag="" WorldPos="0.0619276 0 0.0206611">
                    <UserVariables>
                        <Var Name="CastShadows" Value="true" />
                        <Var Name="StaticPhysics" Value="false" />
                        <Var Name="IsAffectedByDecal" Value="false" />
                        <Var Name="CallbackFunc" Value="" />
                        <Var Name="ConnectedProps" Value="" />
                        <Var Name="ConnectionStateChangeCallback" Value="" />
                        <Var Name="FullGameSave" Value="false" />
                        <Var Name="PlayerLookAtCallback" Value="" />
                        <Var Name="PlayerLookAtCallbackAutoRemove" Value="false" />
                        <Var Name="PlayerInteractCallback" Value="" />
                        <Var Name="PlayerInteractCallbackAutoRemove" Value="false" />
                        <Var Name="ContainedItem" Value="None" />
                        <Var Name="DisableBreakable" Value="false" />
                        <Var Name="IsInsanityVision" Value="false" />
                        <Var Name="VisionMaxSanity" Value="30" />
                    </UserVariables>
                </Entity>
                <BoxLight Active="true" BlendFunc="1" CastShadows="false" DiffuseColor="0.087 0.027 0.001 1" FalloffMap="" FlickerActive="false" FlickerFade="false" FlickerOffColor="0 0 0 1" FlickerOffFadeMaxLength="0" FlickerOffFadeMinLength="0" FlickerOffMaxLength="0" FlickerOffMinLength="0" FlickerOffPS="" FlickerOffRadius="0" FlickerOffSound="" FlickerOnFadeMaxLength="0" FlickerOnFadeMinLength="0" FlickerOnMaxLength="0" FlickerOnMinLength="0" FlickerOnPS="" FlickerOnSound="" Gobo="" GoboAnimFrameTime="0" GoboAnimMode="None" Group="0" ID="4" Name="BoxLight_1" Radius="1" Rotation="0 0 0" Scale="3.5 4.25 3" ShadowResolution="High" ShadowsAffectDynamic="true" ShadowsAffectStatic="true" Size="3.5 4.25 3" Tag="" WorldPos="0 1.75 0" />
                <SpotLight Active="true" Aspect="1" CastShadows="true" DiffuseColor="1 0.81 0.62 1" FOV="2.61799" FalloffMap="" FlickerActive="false" FlickerFade="false" FlickerOffColor="0 0 0 1" FlickerOffFadeMaxLength="0" FlickerOffFadeMinLength="0" FlickerOffMaxLength="0" FlickerOffMinLength="0" FlickerOffPS="" FlickerOffRadius="0" FlickerOffSound="" FlickerOnFadeMaxLength="0" FlickerOnFadeMinLength="0" FlickerOnMaxLength="0" FlickerOnMinLength="0" FlickerOnPS="" FlickerOnSound="" Gobo="" GoboAnimFrameTime="0" GoboAnimMode="None" Group="0" ID="5" Name="SpotLight_1" NearClipPlane="0.1" Radius="5.5" Rotation="-1.57079 0 0" Scale="1 1 1" ShadowResolution="High" ShadowsAffectDynamic="true" ShadowsAffectStatic="true" SpotFalloffMap="" Tag="" WorldPos="0.25 3.8097 0" />
                <SpotLight Active="true" Aspect="1" CastShadows="true" DiffuseColor="1 0.81 0.62 1" FOV="1.5708" FalloffMap="" FlickerActive="false" FlickerFade="false" FlickerOffColor="0 0 0 1" FlickerOffFadeMaxLength="0" FlickerOffFadeMinLength="0" FlickerOffMaxLength="0" FlickerOffMinLength="0" FlickerOffPS="" FlickerOffRadius="0" FlickerOffSound="" FlickerOnFadeMaxLength="0" FlickerOnFadeMinLength="0" FlickerOnMaxLength="0" FlickerOnMinLength="0" FlickerOnPS="" FlickerOnSound="" Gobo="" GoboAnimFrameTime="0" GoboAnimMode="None" Group="0" ID="6" Name="SpotLight_2" NearClipPlane="0.1" Radius="6.5" Rotation="-1.57079 -1.22718e-006 0.585323" Scale="1 1 1" ShadowResolution="High" ShadowsAffectDynamic="true" ShadowsAffectStatic="true" SpotFalloffMap="" Tag="" WorldPos="0.25 3.46984 0" />
                <BoxLight Active="true" BlendFunc="0" CastShadows="false" DiffuseColor="1 1 1 1" FalloffMap="" FlickerActive="false" FlickerFade="false" FlickerOffColor="0 0 0 1" FlickerOffFadeMaxLength="0" FlickerOffFadeMinLength="0" FlickerOffMaxLength="0" FlickerOffMinLength="0" FlickerOffPS="" FlickerOffRadius="0" FlickerOffSound="" FlickerOnFadeMaxLength="0" FlickerOnFadeMinLength="0" FlickerOnMaxLength="0" FlickerOnMinLength="0" FlickerOnPS="" FlickerOnSound="" Gobo="" GoboAnimFrameTime="0" GoboAnimMode="None" Group="0" ID="7" Name="BoxLight_2" Radius="1" Rotation="0 0 0" Scale="1.95364 0.25 0.25" ShadowResolution="High" ShadowsAffectDynamic="true" ShadowsAffectStatic="true" Size="1.95364 0.25 0.25" Tag="" WorldPos="0 3.64903 -0.25" />
                <BoxLight Active="true" BlendFunc="0" CastShadows="false" DiffuseColor="1 1 1 1" FalloffMap="" FlickerActive="false" FlickerFade="false" FlickerOffColor="0 0 0 1" FlickerOffFadeMaxLength="0" FlickerOffFadeMinLength="0" FlickerOffMaxLength="0" FlickerOffMinLength="0" FlickerOffPS="" FlickerOffRadius="0" FlickerOffSound="" FlickerOnFadeMaxLength="0" FlickerOnFadeMinLength="0" FlickerOnMaxLength="0" FlickerOnMinLength="0" FlickerOnPS="" FlickerOnSound="" Gobo="" GoboAnimFrameTime="0" GoboAnimMode="None" Group="0" ID="8" Name="BoxLight_3" Radius="1" Rotation="0 0 0" Scale="1.95364 0.25 0.25" ShadowResolution="High" ShadowsAffectDynamic="true" ShadowsAffectStatic="true" Size="1.95364 0.25 0.25" Tag="" WorldPos="0 3.63295 0.406235" />
                <Billboard Active="true" BillboardColor="1 1 1 1" BillboardOffset="0" BillboardSize="2.5 2.5" BillboardType="FixedAxis" ConnectLight="" Group="0" HaloSourceSize="0.3 0.3 0.3" ID="9" IsHalo="false" MaterialFile="/home/barbora/.steam/steam/steamapps/common/Amnesia The Dark Descent/billboards/bb_white_halo.mat" Name="Billboard_1" Rotation="1.5708 0 0" Tag="" WorldPos="0 3.30497 0.134328" />
                <Area Active="true" AreaType="Script" Group="0" ID="13" Mesh="" Name="ScareSound_1" Rotation="0 0 0" Scale="1 1 1" Tag="" WorldPos="0.547618 -4.76837e-07 -3.18822">
                    <UserVariables>
                        <Var Name="PlayerLookAtCallback" Value="" />
                        <Var Name="PlayerLookAtCallbackAutoRemove" Value="true" />
                        <Var Name="PlayerInteractCallback" Value="" />
                        <Var Name="PlayerInteractCallbackAutoRemove" Value="false" />
                        <Var Name="ItemInteraction" Value="false" />
                        <Var Name="MaxFocusDistance" Value="-1" />
                    </UserVariables>
                </Area>
                <Area Active="true" AreaType="Script" Group="0" ID="15" Mesh="" Name="ScareSound_2" Rotation="0 0 0" Scale="1 1 1" Tag="" WorldPos="-0.832399 3.60667 -3.18822">
                    <UserVariables>
                        <Var Name="PlayerLookAtCallback" Value="" />
                        <Var Name="PlayerLookAtCallbackAutoRemove" Value="true" />
                        <Var Name="PlayerInteractCallback" Value="" />
                        <Var Name="PlayerInteractCallbackAutoRemove" Value="false" />
                        <Var Name="ItemInteraction" Value="false" />
                        <Var Name="MaxFocusDistance" Value="-1" />
                    </UserVariables>
                </Area>
                <Area Active="true" AreaType="Script" Group="0" ID="16" Mesh="" Name="ScareSound_3" Rotation="0 0 0" Scale="1 1 1" Tag="" WorldPos="-2.26005 1.56825 0.797329">
                    <UserVariables>
                        <Var Name="PlayerLookAtCallback" Value="" />
                        <Var Name="PlayerLookAtCallbackAutoRemove" Value="true" />
                        <Var Name="PlayerInteractCallback" Value="" />
                        <Var Name="PlayerInteractCallbackAutoRemove" Value="false" />
                        <Var Name="ItemInteraction" Value="false" />
                        <Var Name="MaxFocusDistance" Value="-1" />
                    </UserVariables>
                </Area>
                <Area Active="true" AreaType="Script" Group="0" ID="17" Mesh="" Name="ScareSound_4" Rotation="0 0 0" Scale="1 1 1" Tag="" WorldPos="0.193795 1.43844 1.62652">
                    <UserVariables>
                        <Var Name="PlayerLookAtCallback" Value="" />
                        <Var Name="PlayerLookAtCallbackAutoRemove" Value="true" />
                        <Var Name="PlayerInteractCallback" Value="" />
                        <Var Name="PlayerInteractCallbackAutoRemove" Value="false" />
                        <Var Name="ItemInteraction" Value="false" />
                        <Var Name="MaxFocusDistance" Value="-1" />
                    </UserVariables>
                </Area>
                <Entity Active="true" FileIndex="1" Group="0" ID="28" Name="DoorBlockBox" Rotation="0 0 0" Scale="0.75 5.75 1.25" Tag="" WorldPos="1.5 0 0.0205684">
                    <UserVariables>
                        <Var Name="CastShadows" Value="true" />
                        <Var Name="StaticPhysics" Value="false" />
                        <Var Name="IsAffectedByDecal" Value="false" />
                        <Var Name="CallbackFunc" Value="" />
                        <Var Name="ConnectedProps" Value="" />
                        <Var Name="ConnectionStateChangeCallback" Value="" />
                        <Var Name="FullGameSave" Value="false" />
                        <Var Name="PlayerLookAtCallback" Value="" />
                        <Var Name="PlayerLookAtCallbackAutoRemove" Value="false" />
                        <Var Name="PlayerInteractCallback" Value="" />
                        <Var Name="PlayerInteractCallbackAutoRemove" Value="false" />
                        <Var Name="ContainedItem" Value="None" />
                        <Var Name="DisableBreakable" Value="false" />
                        <Var Name="IsInsanityVision" Value="false" />
                        <Var Name="VisionMaxSanity" Value="30" />
                    </UserVariables>
                </Entity>
            </Entities>
            <Misc />
            <StaticObjectCombos />
        </MapContents>
    </MapData>
</Level>
